[0.007s] Invoking command in '/home/jayce/projects/LiDar-Object-Detector/build/lidar_detector_ros': CMAKE_PREFIX_PATH=${CMAKE_PREFIX_PATH}:/opt/ros/jazzy /usr/bin/cmake --build /home/jayce/projects/LiDar-Object-Detector/build/lidar_detector_ros -- -j8 -l8
[0.040s] [  6%] [32mBuilding CXX object CMakeFiles/synthetic_scan_publisher.dir/src/synthetic_scan_publisher.cpp.o[0m
[0.041s] [ 80%] Built target detector_core
[0.064s] [ 93%] Built target lidar_detector_node
[2.387s] [100%] [32m[1mLinking CXX executable synthetic_scan_publisher[0m
[2.521s] [100%] Built target synthetic_scan_publisher
[2.527s] Invoked command in '/home/jayce/projects/LiDar-Object-Detector/build/lidar_detector_ros' returned '0': CMAKE_PREFIX_PATH=${CMAKE_PREFIX_PATH}:/opt/ros/jazzy /usr/bin/cmake --build /home/jayce/projects/LiDar-Object-Detector/build/lidar_detector_ros -- -j8 -l8
[2.533s] Invoking command in '/home/jayce/projects/LiDar-Object-Detector/build/lidar_detector_ros': CMAKE_PREFIX_PATH=${CMAKE_PREFIX_PATH}:/opt/ros/jazzy /usr/bin/cmake --install /home/jayce/projects/LiDar-Object-Detector/build/lidar_detector_ros
[2.537s] -- Install configuration: ""
[2.537s] -- Execute custom install script
[2.538s] -- Up-to-date symlink: /home/jayce/projects/LiDar-Object-Detector/install/lidar_detector_ros/lib/lidar_detector_ros/lidar_detector_node
[2.538s] -- Up-to-date symlink: /home/jayce/projects/LiDar-Object-Detector/install/lidar_detector_ros/lib/lidar_detector_ros/lidar_detector_node
[2.538s] -- Up-to-date symlink: /home/jayce/projects/LiDar-Object-Detector/install/lidar_detector_ros/lib/lidar_detector_ros/synthetic_scan_publisher
[2.538s] -- Up-to-date symlink: /home/jayce/projects/LiDar-Object-Detector/install/lidar_detector_ros/share/lidar_detector_ros/config/detector.yaml
[2.539s] -- Up-to-date symlink: /home/jayce/projects/LiDar-Object-Detector/install/lidar_detector_ros/share/lidar_detector_ros/config/nav2_costmap.yaml
[2.539s] -- Up-to-date symlink: /home/jayce/projects/LiDar-Object-Detector/install/lidar_detector_ros/share/lidar_detector_ros/launch/__pycache__/detector.launch.cpython-312.pyc
[2.539s] -- Up-to-date symlink: /home/jayce/projects/LiDar-Object-Detector/install/lidar_detector_ros/share/lidar_detector_ros/launch/detector.launch.py
[2.539s] -- Up-to-date symlink: /home/jayce/projects/LiDar-Object-Detector/install/lidar_detector_ros/share/lidar_detector_ros/rviz/detector.rviz
[2.539s] -- Up-to-date symlink: /home/jayce/projects/LiDar-Object-Detector/install/lidar_detector_ros/share/ament_index/resource_index/package_run_dependencies/lidar_detector_ros
[2.539s] -- Up-to-date symlink: /home/jayce/projects/LiDar-Object-Detector/install/lidar_detector_ros/share/ament_index/resource_index/parent_prefix_path/lidar_detector_ros
[2.539s] -- Up-to-date symlink: /home/jayce/projects/LiDar-Object-Detector/install/lidar_detector_ros/share/lidar_detector_ros/environment/ament_prefix_path.sh
[2.539s] -- Up-to-date symlink: /home/jayce/projects/LiDar-Object-Detector/install/lidar_detector_ros/share/lidar_detector_ros/environment/ament_prefix_path.dsv
[2.539s] -- Up-to-date symlink: /home/jayce/projects/LiDar-Object-Detector/install/lidar_detector_ros/share/lidar_detector_ros/environment/path.sh
[2.539s] -- Up-to-date symlink: /home/jayce/projects/LiDar-Object-Detector/install/lidar_detector_ros/share/lidar_detector_ros/environment/path.dsv
[2.539s] -- Up-to-date symlink: /home/jayce/projects/LiDar-Object-Detector/install/lidar_detector_ros/share/lidar_detector_ros/local_setup.bash
[2.539s] -- Up-to-date symlink: /home/jayce/projects/LiDar-Object-Detector/install/lidar_detector_ros/share/lidar_detector_ros/local_setup.sh
[2.539s] -- Up-to-date symlink: /home/jayce/projects/LiDar-Object-Detector/install/lidar_detector_ros/share/lidar_detector_ros/local_setup.zsh
[2.539s] -- Up-to-date symlink: /home/jayce/projects/LiDar-Object-Detector/install/lidar_detector_ros/share/lidar_detector_ros/local_setup.dsv
[2.540s] -- Symlinking: /home/jayce/projects/LiDar-Object-Detector/install/lidar_detector_ros/share/lidar_detector_ros/package.dsv
[2.544s] -- Up-to-date symlink: /home/jayce/projects/LiDar-Object-Detector/install/lidar_detector_ros/share/ament_index/resource_index/packages/lidar_detector_ros
[2.544s] -- Up-to-date symlink: /home/jayce/projects/LiDar-Object-Detector/install/lidar_detector_ros/share/lidar_detector_ros/cmake/lidar_detector_rosConfig.cmake
[2.544s] -- Up-to-date symlink: /home/jayce/projects/LiDar-Object-Detector/install/lidar_detector_ros/share/lidar_detector_ros/cmake/lidar_detector_rosConfig-version.cmake
[2.545s] -- Up-to-date symlink: /home/jayce/projects/LiDar-Object-Detector/install/lidar_detector_ros/share/lidar_detector_ros/package.xml
[2.546s] Invoked command in '/home/jayce/projects/LiDar-Object-Detector/build/lidar_detector_ros' returned '0': CMAKE_PREFIX_PATH=${CMAKE_PREFIX_PATH}:/opt/ros/jazzy /usr/bin/cmake --install /home/jayce/projects/LiDar-Object-Detector/build/lidar_detector_ros
