-- Found ament_cmake: 2.5.6 (/opt/ros/jazzy/share/ament_cmake/cmake)
-- Found Python3: /usr/bin/python3 (found version "3.12.3") found components: Interpreter 
-- Override CMake install command with custom implementation using symlinks instead of copying resources
-- Found rclcpp: 28.1.21 (/opt/ros/jazzy/share/rclcpp/cmake)
-- Found rosidl_generator_c: 4.6.9 (/opt/ros/jazzy/share/rosidl_generator_c/cmake)
-- Found rosidl_generator_cpp: 4.6.9 (/opt/ros/jazzy/share/rosidl_generator_cpp/cmake)
-- Using all available rosidl_typesupport_c: rosidl_typesupport_fastrtps_c;rosidl_typesupport_introspection_c
-- Using all available rosidl_typesupport_cpp: rosidl_typesupport_fastrtps_cpp;rosidl_typesupport_introspection_cpp
-- Found rmw_implementation_cmake: 7.3.3 (/opt/ros/jazzy/share/rmw_implementation_cmake/cmake)
-- Found rmw_fastrtps_cpp: 8.4.4 (/opt/ros/jazzy/share/rmw_fastrtps_cpp/cmake)
-- Found OpenSSL: /usr/lib/x86_64-linux-gnu/libcrypto.so (found version "3.0.13")  
-- Found FastRTPS: /opt/ros/jazzy/include (Required is at least version "2.13") 
-- Using RMW implementation 'rmw_fastrtps_cpp' as default
-- Found sensor_msgs: 5.3.8 (/opt/ros/jazzy/share/sensor_msgs/cmake)
-- Found visualization_msgs: 5.3.8 (/opt/ros/jazzy/share/visualization_msgs/cmake)
-- Configuring done (1.3s)
-- Generating done (0.0s)
-- Build files have been written to: /home/jayce/projects/LiDar-Object-Detector/build/lidar_detector_ros
[ 50%] [32mBuilding CXX object CMakeFiles/lidar_detector_node.dir/src/lidar_detector_node.cpp.o[0m
[100%] [32m[1mLinking CXX executable lidar_detector_node[0m
[100%] Built target lidar_detector_node
-- Install configuration: ""
-- Execute custom install script
-- Symlinking: /home/jayce/projects/LiDar-Object-Detector/install/lidar_detector_ros/lib/lidar_detector_ros/lidar_detector_node
-- Symlinking: /home/jayce/projects/LiDar-Object-Detector/install/lidar_detector_ros/share/ament_index/resource_index/package_run_dependencies/lidar_detector_ros
-- Symlinking: /home/jayce/projects/LiDar-Object-Detector/install/lidar_detector_ros/share/ament_index/resource_index/parent_prefix_path/lidar_detector_ros
-- Symlinking: /home/jayce/projects/LiDar-Object-Detector/install/lidar_detector_ros/share/lidar_detector_ros/environment/ament_prefix_path.sh
-- Symlinking: /home/jayce/projects/LiDar-Object-Detector/install/lidar_detector_ros/share/lidar_detector_ros/environment/ament_prefix_path.dsv
-- Symlinking: /home/jayce/projects/LiDar-Object-Detector/install/lidar_detector_ros/share/lidar_detector_ros/environment/path.sh
-- Symlinking: /home/jayce/projects/LiDar-Object-Detector/install/lidar_detector_ros/share/lidar_detector_ros/environment/path.dsv
-- Symlinking: /home/jayce/projects/LiDar-Object-Detector/install/lidar_detector_ros/share/lidar_detector_ros/local_setup.bash
-- Symlinking: /home/jayce/projects/LiDar-Object-Detector/install/lidar_detector_ros/share/lidar_detector_ros/local_setup.sh
-- Symlinking: /home/jayce/projects/LiDar-Object-Detector/install/lidar_detector_ros/share/lidar_detector_ros/local_setup.zsh
-- Symlinking: /home/jayce/projects/LiDar-Object-Detector/install/lidar_detector_ros/share/lidar_detector_ros/local_setup.dsv
-- Symlinking: /home/jayce/projects/LiDar-Object-Detector/install/lidar_detector_ros/share/lidar_detector_ros/package.dsv
-- Symlinking: /home/jayce/projects/LiDar-Object-Detector/install/lidar_detector_ros/share/ament_index/resource_index/packages/lidar_detector_ros
-- Symlinking: /home/jayce/projects/LiDar-Object-Detector/install/lidar_detector_ros/share/lidar_detector_ros/cmake/lidar_detector_rosConfig.cmake
-- Symlinking: /home/jayce/projects/LiDar-Object-Detector/install/lidar_detector_ros/share/lidar_detector_ros/cmake/lidar_detector_rosConfig-version.cmake
-- Symlinking: /home/jayce/projects/LiDar-Object-Detector/install/lidar_detector_ros/share/lidar_detector_ros/package.xml
