[0.054s] Invoking command in '/home/jayce/projects/LiDar-Object-Detector/build/lidar_detector_ros': CMAKE_PREFIX_PATH=${CMAKE_PREFIX_PATH}:/opt/ros/jazzy /usr/bin/cmake --build /home/jayce/projects/LiDar-Object-Detector/build/lidar_detector_ros -- -j8 -l8
[0.335s] [ 80%] Built target detector_core
[0.415s] [ 90%] [32mBuilding CXX object CMakeFiles/lidar_detector_node.dir/src/lidar_detector_node.cpp.o[0m
[5.427s] [01m[K/home/jayce/projects/LiDar-Object-Detector/detector_ros/src/lidar_detector_node.cpp:27:9:[m[K [01;31m[Kerror: [m[K‘[01m[Kstd[m[K’ does not name a type
[5.427s]    27 |         [01;31m[Kstd[m[K:size_t max_cluster_size_;
[5.427s]       |         [01;31m[K^~~[m[K
[5.484s] [01m[K/home/jayce/projects/LiDar-Object-Detector/detector_ros/src/lidar_detector_node.cpp:[m[K In constructor ‘[01m[KLidarDetectorNode::[01;32m[KLidarDetectorNode[m[K()[m[K’:
[5.484s] [01m[K/home/jayce/projects/LiDar-Object-Detector/detector_ros/src/lidar_detector_node.cpp:16:13:[m[K [01;31m[Kerror: [m[K‘[01m[Kmax_cluster_size_[m[K’ was not declared in this scope; did you mean ‘[01m[Kmin_cluster_size_[m[K’?
[5.484s]    16 |             [01;31m[Kmax_cluster_size_[m[K = this->declare_parameter<int>("max_cluster_size", 1000);
[5.484s]       |             [01;31m[K^~~~~~~~~~~~~~~~~[m[K
[5.484s]       |             [32m[Kmin_cluster_size_[m[K
[5.519s] [01m[K/home/jayce/projects/LiDar-Object-Detector/detector_ros/src/lidar_detector_node.cpp:[m[K In member function ‘[01m[Kvoid LidarDetectorNode::[01;32m[Kscan_callback[m[K(sensor_msgs::msg::LaserScan_<std::allocator<void> >::ConstSharedPtr)[m[K’:
[5.519s] [01m[K/home/jayce/projects/LiDar-Object-Detector/detector_ros/src/lidar_detector_node.cpp:34:123:[m[K [01;31m[Kerror: [m[K‘[01m[Kmax_cluster_size_[m[K’ was not declared in this scope; did you mean ‘[01m[Kmin_cluster_size_[m[K’?
[5.519s]    34 | e->angle_increment, message->range_min, message->range_max, distance_tolerance_, min_cluster_size_, [01;31m[Kmax_cluster_size_[m[K);
[5.519s]       |                                                                                                     [01;31m[K^~~~~~~~~~~~~~~~~[m[K
[5.519s]       |                                                                                                     [32m[Kmin_cluster_size_[m[K
[9.129s] gmake[2]: *** [CMakeFiles/lidar_detector_node.dir/build.make:76: CMakeFiles/lidar_detector_node.dir/src/lidar_detector_node.cpp.o] Error 1
[9.130s] gmake[1]: *** [CMakeFiles/Makefile2:155: CMakeFiles/lidar_detector_node.dir/all] Error 2
[9.130s] gmake: *** [Makefile:146: all] Error 2
[9.133s] Invoked command in '/home/jayce/projects/LiDar-Object-Detector/build/lidar_detector_ros' returned '2': CMAKE_PREFIX_PATH=${CMAKE_PREFIX_PATH}:/opt/ros/jazzy /usr/bin/cmake --build /home/jayce/projects/LiDar-Object-Detector/build/lidar_detector_ros -- -j8 -l8
