[0.006s] Invoking command in '/home/jayce/projects/LiDar-Object-Detector/build/lidar_detector_ros': CMAKE_PREFIX_PATH=${CMAKE_PREFIX_PATH}:/opt/ros/jazzy /usr/bin/cmake --build /home/jayce/projects/LiDar-Object-Detector/build/lidar_detector_ros -- -j8 -l8
[0.024s] -- Found ament_cmake: 2.5.6 (/opt/ros/jazzy/share/ament_cmake/cmake)
[0.160s] -- Override CMake install command with custom implementation using symlinks instead of copying resources
[0.164s] -- Found rclcpp: 28.1.21 (/opt/ros/jazzy/share/rclcpp/cmake)
[0.660s] -- Found rosidl_generator_c: 4.6.9 (/opt/ros/jazzy/share/rosidl_generator_c/cmake)
[0.668s] -- Found rosidl_generator_cpp: 4.6.9 (/opt/ros/jazzy/share/rosidl_generator_cpp/cmake)
[0.678s] -- Using all available rosidl_typesupport_c: rosidl_typesupport_fastrtps_c;rosidl_typesupport_introspection_c
[0.688s] -- Using all available rosidl_typesupport_cpp: rosidl_typesupport_fastrtps_cpp;rosidl_typesupport_introspection_cpp
[0.740s] -- Found rmw_implementation_cmake: 7.3.3 (/opt/ros/jazzy/share/rmw_implementation_cmake/cmake)
[0.741s] -- Found rmw_fastrtps_cpp: 8.4.4 (/opt/ros/jazzy/share/rmw_fastrtps_cpp/cmake)
[1.728s] -- Using RMW implementation 'rmw_fastrtps_cpp' as default
[2.064s] -- Found sensor_msgs: 5.3.8 (/opt/ros/jazzy/share/sensor_msgs/cmake)
[2.103s] -- Found visualization_msgs: 5.3.8 (/opt/ros/jazzy/share/visualization_msgs/cmake)
[2.191s] -- Configuring done (2.2s)
[2.216s] -- Generating done (0.0s)
[2.220s] -- Build files have been written to: /home/jayce/projects/LiDar-Object-Detector/build/lidar_detector_ros
[2.249s] [  8%] Building CXX object CMakeFiles/synthetic_scan_publisher.dir/src/synthetic_scan_publisher.cpp.o
[2.250s] [ 75%] Built target detector_core
[2.268s] [ 83%] Building CXX object CMakeFiles/lidar_detector_node.dir/src/lidar_detector_node.cpp.o
[5.475s] [ 91%] Linking CXX executable synthetic_scan_publisher
[6.531s] [ 91%] Built target synthetic_scan_publisher
[8.600s] [100%] Linking CXX executable lidar_detector_node
[9.172s] [100%] Built target lidar_detector_node
[9.179s] Invoked command in '/home/jayce/projects/LiDar-Object-Detector/build/lidar_detector_ros' returned '0': CMAKE_PREFIX_PATH=${CMAKE_PREFIX_PATH}:/opt/ros/jazzy /usr/bin/cmake --build /home/jayce/projects/LiDar-Object-Detector/build/lidar_detector_ros -- -j8 -l8
[9.186s] Invoking command in '/home/jayce/projects/LiDar-Object-Detector/build/lidar_detector_ros': CMAKE_PREFIX_PATH=${CMAKE_PREFIX_PATH}:/opt/ros/jazzy /usr/bin/cmake --install /home/jayce/projects/LiDar-Object-Detector/build/lidar_detector_ros
[9.191s] -- Install configuration: ""
[9.191s] -- Execute custom install script
[9.191s] -- Up-to-date symlink: /home/jayce/projects/LiDar-Object-Detector/install/lidar_detector_ros/lib/lidar_detector_ros/lidar_detector_node
[9.191s] -- Up-to-date symlink: /home/jayce/projects/LiDar-Object-Detector/install/lidar_detector_ros/lib/lidar_detector_ros/lidar_detector_node
[9.191s] -- Up-to-date symlink: /home/jayce/projects/LiDar-Object-Detector/install/lidar_detector_ros/lib/lidar_detector_ros/synthetic_scan_publisher
[9.192s] -- Up-to-date symlink: /home/jayce/projects/LiDar-Object-Detector/install/lidar_detector_ros/share/lidar_detector_ros/config/detector.yaml
[9.192s] -- Up-to-date symlink: /home/jayce/projects/LiDar-Object-Detector/install/lidar_detector_ros/share/lidar_detector_ros/config/nav2_costmap.yaml
[9.192s] -- Symlinking: /home/jayce/projects/LiDar-Object-Detector/install/lidar_detector_ros/share/lidar_detector_ros/launch/__pycache__/detector.launch.cpython-312.pyc
[9.197s] -- Up-to-date symlink: /home/jayce/projects/LiDar-Object-Detector/install/lidar_detector_ros/share/lidar_detector_ros/launch/detector.launch.py
[9.198s] -- Up-to-date symlink: /home/jayce/projects/LiDar-Object-Detector/install/lidar_detector_ros/share/lidar_detector_ros/rviz/detector.rviz
[9.198s] -- Up-to-date symlink: /home/jayce/projects/LiDar-Object-Detector/install/lidar_detector_ros/share/ament_index/resource_index/package_run_dependencies/lidar_detector_ros
[9.198s] -- Up-to-date symlink: /home/jayce/projects/LiDar-Object-Detector/install/lidar_detector_ros/share/ament_index/resource_index/parent_prefix_path/lidar_detector_ros
[9.198s] -- Up-to-date symlink: /home/jayce/projects/LiDar-Object-Detector/install/lidar_detector_ros/share/lidar_detector_ros/environment/ament_prefix_path.sh
[9.198s] -- Up-to-date symlink: /home/jayce/projects/LiDar-Object-Detector/install/lidar_detector_ros/share/lidar_detector_ros/environment/ament_prefix_path.dsv
[9.198s] -- Up-to-date symlink: /home/jayce/projects/LiDar-Object-Detector/install/lidar_detector_ros/share/lidar_detector_ros/environment/path.sh
[9.198s] -- Up-to-date symlink: /home/jayce/projects/LiDar-Object-Detector/install/lidar_detector_ros/share/lidar_detector_ros/environment/path.dsv
[9.198s] -- Up-to-date symlink: /home/jayce/projects/LiDar-Object-Detector/install/lidar_detector_ros/share/lidar_detector_ros/local_setup.bash
[9.198s] -- Up-to-date symlink: /home/jayce/projects/LiDar-Object-Detector/install/lidar_detector_ros/share/lidar_detector_ros/local_setup.sh
[9.198s] -- Up-to-date symlink: /home/jayce/projects/LiDar-Object-Detector/install/lidar_detector_ros/share/lidar_detector_ros/local_setup.zsh
[9.198s] -- Up-to-date symlink: /home/jayce/projects/LiDar-Object-Detector/install/lidar_detector_ros/share/lidar_detector_ros/local_setup.dsv
[9.198s] -- Symlinking: /home/jayce/projects/LiDar-Object-Detector/install/lidar_detector_ros/share/lidar_detector_ros/package.dsv
[9.204s] -- Up-to-date symlink: /home/jayce/projects/LiDar-Object-Detector/install/lidar_detector_ros/share/ament_index/resource_index/packages/lidar_detector_ros
[9.204s] -- Up-to-date symlink: /home/jayce/projects/LiDar-Object-Detector/install/lidar_detector_ros/share/lidar_detector_ros/cmake/lidar_detector_rosConfig.cmake
[9.204s] -- Up-to-date symlink: /home/jayce/projects/LiDar-Object-Detector/install/lidar_detector_ros/share/lidar_detector_ros/cmake/lidar_detector_rosConfig-version.cmake
[9.204s] -- Up-to-date symlink: /home/jayce/projects/LiDar-Object-Detector/install/lidar_detector_ros/share/lidar_detector_ros/package.xml
[9.205s] Invoked command in '/home/jayce/projects/LiDar-Object-Detector/build/lidar_detector_ros' returned '0': CMAKE_PREFIX_PATH=${CMAKE_PREFIX_PATH}:/opt/ros/jazzy /usr/bin/cmake --install /home/jayce/projects/LiDar-Object-Detector/build/lidar_detector_ros
