[0.006s] Invoking command in '/home/jayce/projects/LiDar-Object-Detector/build/lidar_detector_ros': /usr/bin/cmake --build /home/jayce/projects/LiDar-Object-Detector/build/lidar_detector_ros -- -j8 -l8
[0.020s] -- Found ament_cmake: 2.5.6 (/opt/ros/jazzy/share/ament_cmake/cmake)
[1.165s] Traceback (most recent call last):
[1.166s]   File "/opt/ros/jazzy/share/ament_cmake_core/cmake/package_templates/templates_2_cmake.py", line 21, in <module>
[1.166s]     from ament_package.templates import get_environment_hook_template_path
[1.166s] ModuleNotFoundError: No module named 'ament_package'
[1.185s] CMake Error at /opt/ros/jazzy/share/ament_cmake_core/cmake/ament_cmake_package_templates-extras.cmake:41 (message):
[1.185s]   execute_process(/usr/bin/python3
[1.185s]   /opt/ros/jazzy/share/ament_cmake_core/cmake/package_templates/templates_2_cmake.py
[1.185s]   /home/jayce/projects/LiDar-Object-Detector/build/lidar_detector_ros/ament_cmake_package_templates/templates.cmake)
[1.185s]   returned error code 1
[1.185s] Call Stack (most recent call first):
[1.185s]   /opt/ros/jazzy/share/ament_cmake_core/cmake/ament_cmake_coreConfig.cmake:41 (include)
[1.185s]   /opt/ros/jazzy/share/ament_cmake/cmake/ament_cmake_export_dependencies-extras.cmake:15 (find_package)
[1.185s]   /opt/ros/jazzy/share/ament_cmake/cmake/ament_cmakeConfig.cmake:41 (include)
[1.185s]   CMakeLists.txt:9 (find_package)
[1.185s] 
[1.185s] 
[1.185s] -- Configuring incomplete, errors occurred!
[1.187s] gmake: *** [Makefile:418: cmake_check_build_system] Error 1
[1.188s] Invoked command in '/home/jayce/projects/LiDar-Object-Detector/build/lidar_detector_ros' returned '2': /usr/bin/cmake --build /home/jayce/projects/LiDar-Object-Detector/build/lidar_detector_ros -- -j8 -l8
