[ 10%] Built target odom_tf_broadcaster
[ 20%] Built target synthetic_scan_publisher
[ 80%] Built target detector_core
[ 90%] Built target lidar_detector_node
[ 95%] Building CXX object CMakeFiles/pointcloud_inspector_node.dir/src/pointcloud_inspector_node.cpp.o
/home/jayce/projects/LiDar-Object-Detector/detector_ros/src/pointcloud_inspector_node.cpp: In constructor ‘PointCloudInspectorNode::PointCloudInspectorNode()’:
/home/jayce/projects/LiDar-Object-Detector/detector_ros/src/pointcloud_inspector_node.cpp:26:9: error: ‘voxel_size_’ was not declared in this scope
   26 |         voxel_size_ = this->declare_parameter<double>("voxel_size", 0.05);
      |         ^~~~~~~~~~~
/home/jayce/projects/LiDar-Object-Detector/detector_ros/src/pointcloud_inspector_node.cpp:37:9: error: ‘downsampled_cloud_publisher_’ was not declared in this scope; did you mean ‘filtered_cloud_publisher_’?
   37 |         downsampled_cloud_publisher_ = this->create_publisher<sensor_msgs::msg::PointCloud2>("/downsampled_points", 10);
      |         ^~~~~~~~~~~~~~~~~~~~~~~~~~~~
      |         filtered_cloud_publisher_
/home/jayce/projects/LiDar-Object-Detector/detector_ros/src/pointcloud_inspector_node.cpp: In member function ‘void PointCloudInspectorNode::pointcloud_callback(sensor_msgs::msg::PointCloud2_<std::allocator<void> >::ConstSharedPtr)’:
/home/jayce/projects/LiDar-Object-Detector/detector_ros/src/pointcloud_inspector_node.cpp:68:62: error: ‘voxel_size_’ was not declared in this scope
   68 |             detector_core::voxel_downsample(filtered_points, voxel_size_);
      |                                                              ^~~~~~~~~~~
/home/jayce/projects/LiDar-Object-Detector/detector_ros/src/pointcloud_inspector_node.cpp:130:9: error: ‘downsampled_cloud_publisher_’ was not declared in this scope; did you mean ‘filtered_cloud_publisher_’?
  130 |         downsampled_cloud_publisher_->publish(downsampled_cloud);
      |         ^~~~~~~~~~~~~~~~~~~~~~~~~~~~
      |         filtered_cloud_publisher_
gmake[2]: *** [CMakeFiles/pointcloud_inspector_node.dir/build.make:76: CMakeFiles/pointcloud_inspector_node.dir/src/pointcloud_inspector_node.cpp.o] Error 1
gmake[1]: *** [CMakeFiles/Makefile2:239: CMakeFiles/pointcloud_inspector_node.dir/all] Error 2
gmake: *** [Makefile:146: all] Error 2
