[  5%] Building CXX object detector_core_build/CMakeFiles/detector_core.dir/src/point3d_processing.cpp.o
[ 15%] Built target synthetic_scan_publisher
[ 25%] Built target odom_tf_broadcaster
[ 30%] Linking CXX static library libdetector_core.a
[ 80%] Built target detector_core
[ 85%] Linking CXX executable lidar_detector_node
[ 90%] Building CXX object CMakeFiles/pointcloud_inspector_node.dir/src/pointcloud_inspector_node.cpp.o
[ 95%] Built target lidar_detector_node
/home/jayce/projects/LiDar-Object-Detector/detector_ros/src/pointcloud_inspector_node.cpp:107:9: error: ‘downsampled_cloud’ does not name a type
  107 |         downsampled_cloud.header = message->header;
      |         ^~~~~~~~~~~~~~~~~
/home/jayce/projects/LiDar-Object-Detector/detector_ros/src/pointcloud_inspector_node.cpp:108:9: error: ‘downsampled_cloud’ does not name a type
  108 |         downsampled_cloud.height = 1;
      |         ^~~~~~~~~~~~~~~~~
/home/jayce/projects/LiDar-Object-Detector/detector_ros/src/pointcloud_inspector_node.cpp:109:9: error: ‘downsampled_cloud’ does not name a type
  109 |         downsampled_cloud.width = static_cast<std::uint32_t>(downsampled_points.size());
      |         ^~~~~~~~~~~~~~~~~
/home/jayce/projects/LiDar-Object-Detector/detector_ros/src/pointcloud_inspector_node.cpp:110:9: error: ‘downsampled_cloud’ does not name a type
  110 |         downsampled_cloud.is_bigendian = false;
      |         ^~~~~~~~~~~~~~~~~
/home/jayce/projects/LiDar-Object-Detector/detector_ros/src/pointcloud_inspector_node.cpp:111:9: error: ‘downsampled_cloud’ does not name a type
  111 |         downsampled_cloud.is_dense = true;
      |         ^~~~~~~~~~~~~~~~~
/home/jayce/projects/LiDar-Object-Detector/detector_ros/src/pointcloud_inspector_node.cpp:113:63: error: ‘downsampled_cloud’ is not a type
  113 |         sensor_msgs::PointCloud2Modifier downsampled_modifier(downsampled_cloud);
      |                                                               ^~~~~~~~~~~~~~~~~
/home/jayce/projects/LiDar-Object-Detector/detector_ros/src/pointcloud_inspector_node.cpp:114:9: error: ‘downsampled_modifier’ does not name a type
  114 |         downsampled_modifier.setPointCloud2FieldsByString(1, "xyz");
      |         ^~~~~~~~~~~~~~~~~~~~
/home/jayce/projects/LiDar-Object-Detector/detector_ros/src/pointcloud_inspector_node.cpp:115:9: error: ‘downsampled_modifier’ does not name a type
  115 |         downsampled_modifier.resize(downsampled_points.size());
      |         ^~~~~~~~~~~~~~~~~~~~
/home/jayce/projects/LiDar-Object-Detector/detector_ros/src/pointcloud_inspector_node.cpp:117:63: error: ‘downsampled_cloud’ is not a type
  117 |         sensor_msgs::PointCloud2Iterator<float> downsampled_x(downsampled_cloud, "x");
      |                                                               ^~~~~~~~~~~~~~~~~
/home/jayce/projects/LiDar-Object-Detector/detector_ros/src/pointcloud_inspector_node.cpp:117:82: error: expected identifier before string constant
  117 |         sensor_msgs::PointCloud2Iterator<float> downsampled_x(downsampled_cloud, "x");
      |                                                                                  ^~~
/home/jayce/projects/LiDar-Object-Detector/detector_ros/src/pointcloud_inspector_node.cpp:117:82: error: expected ‘,’ or ‘...’ before string constant
/home/jayce/projects/LiDar-Object-Detector/detector_ros/src/pointcloud_inspector_node.cpp:118:63: error: ‘downsampled_cloud’ is not a type
  118 |         sensor_msgs::PointCloud2Iterator<float> downsampled_y(downsampled_cloud, "y");
      |                                                               ^~~~~~~~~~~~~~~~~
/home/jayce/projects/LiDar-Object-Detector/detector_ros/src/pointcloud_inspector_node.cpp:118:82: error: expected identifier before string constant
  118 |         sensor_msgs::PointCloud2Iterator<float> downsampled_y(downsampled_cloud, "y");
      |                                                                                  ^~~
/home/jayce/projects/LiDar-Object-Detector/detector_ros/src/pointcloud_inspector_node.cpp:118:82: error: expected ‘,’ or ‘...’ before string constant
/home/jayce/projects/LiDar-Object-Detector/detector_ros/src/pointcloud_inspector_node.cpp:119:63: error: ‘downsampled_cloud’ is not a type
  119 |         sensor_msgs::PointCloud2Iterator<float> downsampled_z(downsampled_cloud, "z");
      |                                                               ^~~~~~~~~~~~~~~~~
/home/jayce/projects/LiDar-Object-Detector/detector_ros/src/pointcloud_inspector_node.cpp:119:82: error: expected identifier before string constant
  119 |         sensor_msgs::PointCloud2Iterator<float> downsampled_z(downsampled_cloud, "z");
      |                                                                                  ^~~
/home/jayce/projects/LiDar-Object-Detector/detector_ros/src/pointcloud_inspector_node.cpp:119:82: error: expected ‘,’ or ‘...’ before string constant
/home/jayce/projects/LiDar-Object-Detector/detector_ros/src/pointcloud_inspector_node.cpp:121:9: error: expected unqualified-id before ‘for’
  121 |         for (const detector_core::Point3D& point : downsampled_points) {
      |         ^~~
/home/jayce/projects/LiDar-Object-Detector/detector_ros/src/pointcloud_inspector_node.cpp:131:9: error: ‘downsampled_cloud_publisher_’ does not name a type
  131 |         downsampled_cloud_publisher_->publish(downsampled_cloud);
      |         ^~~~~~~~~~~~~~~~~~~~~~~~~~~~
/home/jayce/projects/LiDar-Object-Detector/detector_ros/src/pointcloud_inspector_node.cpp: In constructor ‘PointCloudInspectorNode::PointCloudInspectorNode()’:
/home/jayce/projects/LiDar-Object-Detector/detector_ros/src/pointcloud_inspector_node.cpp:26:9: error: ‘voxel_size_’ was not declared in this scope
   26 |         voxel_size_ = this->declare_parameter<double>("voxel_size", 0.05);
      |         ^~~~~~~~~~~
/home/jayce/projects/LiDar-Object-Detector/detector_ros/src/pointcloud_inspector_node.cpp:37:9: error: ‘downsampled_cloud_publisher_’ was not declared in this scope; did you mean ‘filtered_cloud_publisher_’?
   37 |         downsampled_cloud_publisher_ = this->create_publisher<sensor_msgs::msg::PointCloud2>("/downsampled_points", 10);
      |         ^~~~~~~~~~~~~~~~~~~~~~~~~~~~
      |         filtered_cloud_publisher_
/home/jayce/projects/LiDar-Object-Detector/detector_ros/src/pointcloud_inspector_node.cpp: In member function ‘void PointCloudInspectorNode::pointcloud_callback(sensor_msgs::msg::PointCloud2_<std::allocator<void> >::ConstSharedPtr)’:
/home/jayce/projects/LiDar-Object-Detector/detector_ros/src/pointcloud_inspector_node.cpp:68:62: error: ‘voxel_size_’ was not declared in this scope
   68 |             detector_core::voxel_downsample(filtered_points, voxel_size_);
      |                                                              ^~~~~~~~~~~
gmake[2]: *** [CMakeFiles/pointcloud_inspector_node.dir/build.make:76: CMakeFiles/pointcloud_inspector_node.dir/src/pointcloud_inspector_node.cpp.o] Error 1
gmake[1]: *** [CMakeFiles/Makefile2:239: CMakeFiles/pointcloud_inspector_node.dir/all] Error 2
gmake: *** [Makefile:146: all] Error 2
