-- Found ament_cmake: 2.5.6 (/opt/ros/jazzy/share/ament_cmake/cmake)
-- Override CMake install command with custom implementation using symlinks instead of copying resources
-- Found rclcpp: 28.1.21 (/opt/ros/jazzy/share/rclcpp/cmake)
-- Found rosidl_generator_c: 4.6.9 (/opt/ros/jazzy/share/rosidl_generator_c/cmake)
-- Found rosidl_generator_cpp: 4.6.9 (/opt/ros/jazzy/share/rosidl_generator_cpp/cmake)
-- Using all available rosidl_typesupport_c: rosidl_typesupport_fastrtps_c;rosidl_typesupport_introspection_c
-- Using all available rosidl_typesupport_cpp: rosidl_typesupport_fastrtps_cpp;rosidl_typesupport_introspection_cpp
-- Found rmw_implementation_cmake: 7.3.3 (/opt/ros/jazzy/share/rmw_implementation_cmake/cmake)
-- Found rmw_fastrtps_cpp: 8.4.4 (/opt/ros/jazzy/share/rmw_fastrtps_cpp/cmake)
-- Using RMW implementation 'rmw_fastrtps_cpp' as default
-- Found sensor_msgs: 5.3.8 (/opt/ros/jazzy/share/sensor_msgs/cmake)
-- Found visualization_msgs: 5.3.8 (/opt/ros/jazzy/share/visualization_msgs/cmake)
-- Configuring done (0.8s)
-- Generating done (0.0s)
-- Build files have been written to: /home/jayce/projects/LiDar-Object-Detector/build/lidar_detector_ros
[ 20%] [32mBuilding CXX object detector_core_build/CMakeFiles/detector_core.dir/src/scan_detection.cpp.o[0m
[ 20%] [32mBuilding CXX object detector_core_build/CMakeFiles/detector_core.dir/src/obstacle_detection.cpp.o[0m
[ 30%] [32m[1mLinking CXX static library libdetector_core.a[0m
[ 80%] Built target detector_core
[ 90%] [32mBuilding CXX object CMakeFiles/lidar_detector_node.dir/src/lidar_detector_node.cpp.o[0m
[01m[K/home/jayce/projects/LiDar-Object-Detector/detector_ros/src/lidar_detector_node.cpp:[m[K In member function ‘[01m[Kvoid LidarDetectorNode::[01;32m[Kscan_callback[m[K(sensor_msgs::msg::LaserScan_<std::allocator<void> >::ConstSharedPtr)[m[K’:
[01m[K/home/jayce/projects/LiDar-Object-Detector/detector_ros/src/lidar_detector_node.cpp:43:83:[m[K [01;31m[Kerror: [m[K‘[01m[Kscan_to_points[m[K’ is not a member of ‘[01m[Kdetector_core[m[K’
   43 |                 const std::vector<detector_core::Point2D> points = detector_core::[01;31m[Kscan_to_points[m[K(ranges, message->angle_min, message->angle_increment, message->range_min, message->range_max);
      |                                                                                   [01;31m[K^~~~~~~~~~~~~~[m[K
[01m[K/home/jayce/projects/LiDar-Object-Detector/detector_ros/src/lidar_detector_node.cpp:45:38:[m[K [01;31m[Kerror: [m[K‘[01m[KDetectionResult[m[K’ in namespace ‘[01m[Kdetector_core[m[K’ does not name a type
   45 |                 const detector_core::[01;31m[KDetectionResult[m[K result = detector_core::detect_obstacles_with_points(points, distance_tolerance_, min_cluster_size_, max_cluster_size_);
      |                                      [01;31m[K^~~~~~~~~~~~~~~[m[K
[01m[K/home/jayce/projects/LiDar-Object-Detector/detector_ros/src/lidar_detector_node.cpp:51:58:[m[K [01;31m[Kerror: [m[K‘[01m[Kresult[m[K’ was not declared in this scope
   51 |                 cloud.width = static_cast<std::uint32_t>([01;31m[Kresult[m[K.obstacle_points.size());
      |                                                          [01;31m[K^~~~~~[m[K
gmake[2]: *** [CMakeFiles/lidar_detector_node.dir/build.make:76: CMakeFiles/lidar_detector_node.dir/src/lidar_detector_node.cpp.o] Error 1
gmake[1]: *** [CMakeFiles/Makefile2:155: CMakeFiles/lidar_detector_node.dir/all] Error 2
gmake: *** [Makefile:146: all] Error 2
