[0.012s] Invoking command in '/home/jayce/projects/LiDar-Object-Detector/build/lidar_detector_ros': CMAKE_PREFIX_PATH=${CMAKE_PREFIX_PATH}:/opt/ros/jazzy /usr/bin/cmake --build /home/jayce/projects/LiDar-Object-Detector/build/lidar_detector_ros -- -j8 -l8
[0.041s] -- Found ament_cmake: 2.5.6 (/opt/ros/jazzy/share/ament_cmake/cmake)
[0.192s] -- Override CMake install command with custom implementation using symlinks instead of copying resources
[0.216s] -- Found rclcpp: 28.1.21 (/opt/ros/jazzy/share/rclcpp/cmake)
[0.330s] -- Found rosidl_generator_c: 4.6.9 (/opt/ros/jazzy/share/rosidl_generator_c/cmake)
[0.339s] -- Found rosidl_generator_cpp: 4.6.9 (/opt/ros/jazzy/share/rosidl_generator_cpp/cmake)
[0.354s] -- Using all available rosidl_typesupport_c: rosidl_typesupport_fastrtps_c;rosidl_typesupport_introspection_c
[0.368s] -- Using all available rosidl_typesupport_cpp: rosidl_typesupport_fastrtps_cpp;rosidl_typesupport_introspection_cpp
[0.431s] -- Found rmw_implementation_cmake: 7.3.3 (/opt/ros/jazzy/share/rmw_implementation_cmake/cmake)
[0.433s] -- Found rmw_fastrtps_cpp: 8.4.4 (/opt/ros/jazzy/share/rmw_fastrtps_cpp/cmake)
[0.563s] -- Using RMW implementation 'rmw_fastrtps_cpp' as default
[0.692s] -- Found sensor_msgs: 5.3.8 (/opt/ros/jazzy/share/sensor_msgs/cmake)
[0.744s] -- Found visualization_msgs: 5.3.8 (/opt/ros/jazzy/share/visualization_msgs/cmake)
[0.845s] -- Configuring done (0.8s)
[0.862s] -- Generating done (0.0s)
[0.864s] -- Build files have been written to: /home/jayce/projects/LiDar-Object-Detector/build/lidar_detector_ros
[0.890s] [ 20%] [32mBuilding CXX object detector_core_build/CMakeFiles/detector_core.dir/src/scan_detection.cpp.o[0m
[0.890s] [ 20%] [32mBuilding CXX object detector_core_build/CMakeFiles/detector_core.dir/src/obstacle_detection.cpp.o[0m
[1.009s] [ 30%] [32m[1mLinking CXX static library libdetector_core.a[0m
[1.036s] [ 80%] Built target detector_core
[1.053s] [ 90%] [32mBuilding CXX object CMakeFiles/lidar_detector_node.dir/src/lidar_detector_node.cpp.o[0m
[2.800s] [01m[K/home/jayce/projects/LiDar-Object-Detector/detector_ros/src/lidar_detector_node.cpp:[m[K In member function ‘[01m[Kvoid LidarDetectorNode::[01;32m[Kscan_callback[m[K(sensor_msgs::msg::LaserScan_<std::allocator<void> >::ConstSharedPtr)[m[K’:
[2.800s] [01m[K/home/jayce/projects/LiDar-Object-Detector/detector_ros/src/lidar_detector_node.cpp:43:83:[m[K [01;31m[Kerror: [m[K‘[01m[Kscan_to_points[m[K’ is not a member of ‘[01m[Kdetector_core[m[K’
[2.800s]    43 |                 const std::vector<detector_core::Point2D> points = detector_core::[01;31m[Kscan_to_points[m[K(ranges, message->angle_min, message->angle_increment, message->range_min, message->range_max);
[2.800s]       |                                                                                   [01;31m[K^~~~~~~~~~~~~~[m[K
[2.800s] [01m[K/home/jayce/projects/LiDar-Object-Detector/detector_ros/src/lidar_detector_node.cpp:45:38:[m[K [01;31m[Kerror: [m[K‘[01m[KDetectionResult[m[K’ in namespace ‘[01m[Kdetector_core[m[K’ does not name a type
[2.800s]    45 |                 const detector_core::[01;31m[KDetectionResult[m[K result = detector_core::detect_obstacles_with_points(points, distance_tolerance_, min_cluster_size_, max_cluster_size_);
[2.800s]       |                                      [01;31m[K^~~~~~~~~~~~~~~[m[K
[2.803s] [01m[K/home/jayce/projects/LiDar-Object-Detector/detector_ros/src/lidar_detector_node.cpp:51:58:[m[K [01;31m[Kerror: [m[K‘[01m[Kresult[m[K’ was not declared in this scope
[2.804s]    51 |                 cloud.width = static_cast<std::uint32_t>([01;31m[Kresult[m[K.obstacle_points.size());
[2.804s]       |                                                          [01;31m[K^~~~~~[m[K
[4.492s] gmake[2]: *** [CMakeFiles/lidar_detector_node.dir/build.make:76: CMakeFiles/lidar_detector_node.dir/src/lidar_detector_node.cpp.o] Error 1
[4.493s] gmake[1]: *** [CMakeFiles/Makefile2:155: CMakeFiles/lidar_detector_node.dir/all] Error 2
[4.493s] gmake: *** [Makefile:146: all] Error 2
[4.495s] Invoked command in '/home/jayce/projects/LiDar-Object-Detector/build/lidar_detector_ros' returned '2': CMAKE_PREFIX_PATH=${CMAKE_PREFIX_PATH}:/opt/ros/jazzy /usr/bin/cmake --build /home/jayce/projects/LiDar-Object-Detector/build/lidar_detector_ros -- -j8 -l8
