-- Found ament_cmake: 2.5.6 (/opt/ros/jazzy/share/ament_cmake/cmake)
-- Override CMake install command with custom implementation using symlinks instead of copying resources
-- Found geometry_msgs: 5.3.8 (/opt/ros/jazzy/share/geometry_msgs/cmake)
-- Found rosidl_generator_c: 4.6.9 (/opt/ros/jazzy/share/rosidl_generator_c/cmake)
-- Found rosidl_generator_cpp: 4.6.9 (/opt/ros/jazzy/share/rosidl_generator_cpp/cmake)
-- Using all available rosidl_typesupport_c: rosidl_typesupport_fastrtps_c;rosidl_typesupport_introspection_c
-- Using all available rosidl_typesupport_cpp: rosidl_typesupport_fastrtps_cpp;rosidl_typesupport_introspection_cpp
-- Found nav_msgs: 5.3.8 (/opt/ros/jazzy/share/nav_msgs/cmake)
-- Found rclcpp: 28.1.21 (/opt/ros/jazzy/share/rclcpp/cmake)
-- Found rmw_implementation_cmake: 7.3.3 (/opt/ros/jazzy/share/rmw_implementation_cmake/cmake)
-- Found rmw_fastrtps_cpp: 8.4.4 (/opt/ros/jazzy/share/rmw_fastrtps_cpp/cmake)
-- Using RMW implementation 'rmw_fastrtps_cpp' as default
-- Found sensor_msgs: 5.3.8 (/opt/ros/jazzy/share/sensor_msgs/cmake)
-- Found tf2_ros: 0.36.21 (/opt/ros/jazzy/share/tf2_ros/cmake)
-- Found visualization_msgs: 5.3.8 (/opt/ros/jazzy/share/visualization_msgs/cmake)
-- Configuring done (0.8s)
-- Generating done (0.0s)
-- Build files have been written to: /home/jayce/projects/LiDar-Object-Detector/build/lidar_detector_ros
[  4%] Building CXX object detector_core_build/CMakeFiles/detector_core.dir/src/kalman_filter_3d.cpp.o
[ 12%] Built target synthetic_scan_publisher
[ 16%] Building CXX object detector_core_build/CMakeFiles/detector_core.dir/src/tracked_obstacle_3d.cpp.o
[ 20%] Building CXX object detector_core_build/CMakeFiles/detector_core.dir/src/multi_object_tracker_3d.cpp.o
[ 29%] Built target odom_tf_broadcaster
[ 33%] Linking CXX static library libdetector_core.a
[ 83%] Built target detector_core
[ 87%] Building CXX object CMakeFiles/pointcloud_inspector_node.dir/src/pointcloud_inspector_node.cpp.o
[ 91%] Linking CXX executable lidar_detector_node
[ 95%] Built target lidar_detector_node
/home/jayce/projects/LiDar-Object-Detector/detector_ros/src/pointcloud_inspector_node.cpp: In member function ‘void PointCloudInspectorNode::publish_cloud(const std::vector<detector_core::Point3D>&, const std_msgs::msg::Header&, const rclcpp::Publisher<sensor_msgs::msg::PointCloud2_<std::allocator<void> > >::SharedPtr&)’:
/home/jayce/projects/LiDar-Object-Detector/detector_ros/src/pointcloud_inspector_node.cpp:112:22: error: no ‘operator++(int)’ declared for postfix ‘++’ [-fpermissive]
  112 |             *output_x++ = static_cast<float>(point.x);
      |              ~~~~~~~~^~
/home/jayce/projects/LiDar-Object-Detector/detector_ros/src/pointcloud_inspector_node.cpp:113:22: error: no ‘operator++(int)’ declared for postfix ‘++’ [-fpermissive]
  113 |             *output_y++ = static_cast<float>(point.y);
      |              ~~~~~~~~^~
/home/jayce/projects/LiDar-Object-Detector/detector_ros/src/pointcloud_inspector_node.cpp:114:22: error: no ‘operator++(int)’ declared for postfix ‘++’ [-fpermissive]
  114 |             *output_z++ = static_cast<float>(point.z);
      |              ~~~~~~~~^~
gmake[2]: *** [CMakeFiles/pointcloud_inspector_node.dir/build.make:76: CMakeFiles/pointcloud_inspector_node.dir/src/pointcloud_inspector_node.cpp.o] Error 1
gmake[1]: *** [CMakeFiles/Makefile2:239: CMakeFiles/pointcloud_inspector_node.dir/all] Error 2
gmake: *** [Makefile:146: all] Error 2
