[0.002s] Invoking command in '/home/jayce/projects/LiDar-Object-Detector/build/lidar_detector_ros': CMAKE_PREFIX_PATH=${CMAKE_PREFIX_PATH}:/opt/ros/jazzy /usr/bin/cmake --build /home/jayce/projects/LiDar-Object-Detector/build/lidar_detector_ros -- -j8 -l8
[0.045s] [ 66%] Built target detector_core
[0.051s] [ 83%] Built target synthetic_scan_publisher
[0.077s] [ 91%] [32mBuilding CXX object CMakeFiles/lidar_detector_node.dir/src/lidar_detector_node.cpp.o[0m
[10.087s] [100%] [32m[1mLinking CXX executable lidar_detector_node[0m
[10.808s] [100%] Built target lidar_detector_node
[10.819s] Invoked command in '/home/jayce/projects/LiDar-Object-Detector/build/lidar_detector_ros' returned '0': CMAKE_PREFIX_PATH=${CMAKE_PREFIX_PATH}:/opt/ros/jazzy /usr/bin/cmake --build /home/jayce/projects/LiDar-Object-Detector/build/lidar_detector_ros -- -j8 -l8
[10.830s] Invoking command in '/home/jayce/projects/LiDar-Object-Detector/build/lidar_detector_ros': CMAKE_PREFIX_PATH=${CMAKE_PREFIX_PATH}:/opt/ros/jazzy /usr/bin/cmake --install /home/jayce/projects/LiDar-Object-Detector/build/lidar_detector_ros
[10.837s] -- Install configuration: ""
[10.838s] -- Execute custom install script
[10.839s] -- Up-to-date symlink: /home/jayce/projects/LiDar-Object-Detector/install/lidar_detector_ros/lib/lidar_detector_ros/lidar_detector_node
[10.840s] -- Up-to-date symlink: /home/jayce/projects/LiDar-Object-Detector/install/lidar_detector_ros/lib/lidar_detector_ros/lidar_detector_node
[10.840s] -- Up-to-date symlink: /home/jayce/projects/LiDar-Object-Detector/install/lidar_detector_ros/lib/lidar_detector_ros/synthetic_scan_publisher
[10.841s] -- Up-to-date symlink: /home/jayce/projects/LiDar-Object-Detector/install/lidar_detector_ros/share/lidar_detector_ros/config/detector.yaml
[10.841s] -- Up-to-date symlink: /home/jayce/projects/LiDar-Object-Detector/install/lidar_detector_ros/share/lidar_detector_ros/config/nav2_costmap.yaml
[10.842s] -- Up-to-date symlink: /home/jayce/projects/LiDar-Object-Detector/install/lidar_detector_ros/share/lidar_detector_ros/launch/detector.launch.py
[10.843s] -- Up-to-date symlink: /home/jayce/projects/LiDar-Object-Detector/install/lidar_detector_ros/share/lidar_detector_ros/rviz/detector.rviz
[10.843s] -- Up-to-date symlink: /home/jayce/projects/LiDar-Object-Detector/install/lidar_detector_ros/share/ament_index/resource_index/package_run_dependencies/lidar_detector_ros
[10.843s] -- Up-to-date symlink: /home/jayce/projects/LiDar-Object-Detector/install/lidar_detector_ros/share/ament_index/resource_index/parent_prefix_path/lidar_detector_ros
[10.844s] -- Up-to-date symlink: /home/jayce/projects/LiDar-Object-Detector/install/lidar_detector_ros/share/lidar_detector_ros/environment/ament_prefix_path.sh
[10.844s] -- Up-to-date symlink: /home/jayce/projects/LiDar-Object-Detector/install/lidar_detector_ros/share/lidar_detector_ros/environment/ament_prefix_path.dsv
[10.844s] -- Up-to-date symlink: /home/jayce/projects/LiDar-Object-Detector/install/lidar_detector_ros/share/lidar_detector_ros/environment/path.sh
[10.844s] -- Up-to-date symlink: /home/jayce/projects/LiDar-Object-Detector/install/lidar_detector_ros/share/lidar_detector_ros/environment/path.dsv
[10.844s] -- Up-to-date symlink: /home/jayce/projects/LiDar-Object-Detector/install/lidar_detector_ros/share/lidar_detector_ros/local_setup.bash
[10.844s] -- Up-to-date symlink: /home/jayce/projects/LiDar-Object-Detector/install/lidar_detector_ros/share/lidar_detector_ros/local_setup.sh
[10.845s] -- Up-to-date symlink: /home/jayce/projects/LiDar-Object-Detector/install/lidar_detector_ros/share/lidar_detector_ros/local_setup.zsh
[10.845s] -- Up-to-date symlink: /home/jayce/projects/LiDar-Object-Detector/install/lidar_detector_ros/share/lidar_detector_ros/local_setup.dsv
[10.845s] -- Symlinking: /home/jayce/projects/LiDar-Object-Detector/install/lidar_detector_ros/share/lidar_detector_ros/package.dsv
[10.854s] -- Up-to-date symlink: /home/jayce/projects/LiDar-Object-Detector/install/lidar_detector_ros/share/ament_index/resource_index/packages/lidar_detector_ros
[10.854s] -- Up-to-date symlink: /home/jayce/projects/LiDar-Object-Detector/install/lidar_detector_ros/share/lidar_detector_ros/cmake/lidar_detector_rosConfig.cmake
[10.854s] -- Up-to-date symlink: /home/jayce/projects/LiDar-Object-Detector/install/lidar_detector_ros/share/lidar_detector_ros/cmake/lidar_detector_rosConfig-version.cmake
[10.854s] -- Up-to-date symlink: /home/jayce/projects/LiDar-Object-Detector/install/lidar_detector_ros/share/lidar_detector_ros/package.xml
[10.856s] Invoked command in '/home/jayce/projects/LiDar-Object-Detector/build/lidar_detector_ros' returned '0': CMAKE_PREFIX_PATH=${CMAKE_PREFIX_PATH}:/opt/ros/jazzy /usr/bin/cmake --install /home/jayce/projects/LiDar-Object-Detector/build/lidar_detector_ros
