[0.914s] DEBUG:colcon:Command line arguments: ['/usr/bin/colcon', 'build', '--base-paths', 'detector_ros', '--symlink-install']
[0.914s] DEBUG:colcon:Parsed command line arguments: Namespace(log_base=None, log_level=None, verb_name='build', build_base='build', install_base='install', merge_install=False, symlink_install=True, test_result_base=None, continue_on_error=False, executor='parallel', parallel_workers=8, event_handlers=None, ignore_user_meta=False, metas=['./colcon.meta'], base_paths=['detector_ros'], packages_ignore=None, packages_ignore_regex=None, paths=None, packages_up_to=None, packages_up_to_regex=None, packages_above=None, packages_above_and_dependencies=None, packages_above_depth=None, packages_select_by_dep=None, packages_skip_by_dep=None, packages_skip_up_to=None, packages_select_build_failed=False, packages_skip_build_finished=False, packages_select_test_failures=False, packages_skip_test_passed=False, packages_select=None, packages_skip=None, packages_select_regex=None, packages_skip_regex=None, packages_start=None, packages_end=None, allow_overriding=[], cmake_args=None, cmake_target=None, cmake_target_skip_unavailable=False, cmake_clean_cache=False, cmake_clean_first=False, cmake_force_configure=False, ament_cmake_args=None, catkin_cmake_args=None, catkin_skip_building_tests=False, mixin_files=None, mixin=None, verb_parser=<colcon_mixin.mixin.mixin_argument.MixinArgumentDecorator object at 0x7d1884b920c0>, verb_extension=<colcon_core.verb.build.BuildVerb object at 0x7d1884b65df0>, main=<bound method BuildVerb.main of <colcon_core.verb.build.BuildVerb object at 0x7d1884b65df0>>, mixin_verb=('build',))
[1.041s] Level 1:colcon.colcon_core.package_discovery:discover_packages(colcon_meta) check parameters
[1.041s] Level 1:colcon.colcon_core.package_discovery:discover_packages(recursive) check parameters
[1.041s] Level 1:colcon.colcon_core.package_discovery:discover_packages(ignore) check parameters
[1.041s] Level 1:colcon.colcon_core.package_discovery:discover_packages(path) check parameters
[1.041s] Level 1:colcon.colcon_core.package_discovery:discover_packages(recursive) discover
[1.042s] INFO:colcon.colcon_core.package_discovery:Crawling recursively for packages in '/home/jayce/projects/LiDar-Object-Detector/detector_ros'
[1.042s] Level 1:colcon.colcon_core.package_identification:_identify(detector_ros) by extensions ['ignore', 'ignore_ament_install']
[1.042s] Level 1:colcon.colcon_core.package_identification:_identify(detector_ros) by extension 'ignore'
[1.042s] Level 1:colcon.colcon_core.package_identification:_identify(detector_ros) by extension 'ignore_ament_install'
[1.042s] Level 1:colcon.colcon_core.package_identification:_identify(detector_ros) by extensions ['colcon_pkg']
[1.042s] Level 1:colcon.colcon_core.package_identification:_identify(detector_ros) by extension 'colcon_pkg'
[1.042s] Level 1:colcon.colcon_core.package_identification:_identify(detector_ros) by extensions ['colcon_meta']
[1.043s] Level 1:colcon.colcon_core.package_identification:_identify(detector_ros) by extension 'colcon_meta'
[1.043s] Level 1:colcon.colcon_core.package_identification:_identify(detector_ros) by extensions ['ros']
[1.043s] Level 1:colcon.colcon_core.package_identification:_identify(detector_ros) by extension 'ros'
[1.101s] DEBUG:colcon.colcon_core.package_identification:Package 'detector_ros' with type 'ros.ament_cmake' and name 'lidar_detector_ros'
[1.101s] Level 1:colcon.colcon_core.package_discovery:discover_packages(recursive) using defaults
[1.152s] Level 1:colcon.colcon_core.package_discovery:discover_packages(prefix_path) check parameters
[1.152s] Level 1:colcon.colcon_core.package_discovery:discover_packages(prefix_path) discover
[1.170s] DEBUG:colcon.colcon_installed_package_information.package_discovery:Found 398 installed packages in /opt/ros/jazzy
[1.171s] Level 1:colcon.colcon_core.package_discovery:discover_packages(prefix_path) using defaults
[1.422s] Level 5:colcon.colcon_core.verb:set package 'lidar_detector_ros' build argument 'cmake_args' from command line to 'None'
[1.423s] Level 5:colcon.colcon_core.verb:set package 'lidar_detector_ros' build argument 'cmake_target' from command line to 'None'
[1.423s] Level 5:colcon.colcon_core.verb:set package 'lidar_detector_ros' build argument 'cmake_target_skip_unavailable' from command line to 'False'
[1.423s] Level 5:colcon.colcon_core.verb:set package 'lidar_detector_ros' build argument 'cmake_clean_cache' from command line to 'False'
[1.423s] Level 5:colcon.colcon_core.verb:set package 'lidar_detector_ros' build argument 'cmake_clean_first' from command line to 'False'
[1.423s] Level 5:colcon.colcon_core.verb:set package 'lidar_detector_ros' build argument 'cmake_force_configure' from command line to 'False'
[1.423s] Level 5:colcon.colcon_core.verb:set package 'lidar_detector_ros' build argument 'ament_cmake_args' from command line to 'None'
[1.423s] Level 5:colcon.colcon_core.verb:set package 'lidar_detector_ros' build argument 'catkin_cmake_args' from command line to 'None'
[1.423s] Level 5:colcon.colcon_core.verb:set package 'lidar_detector_ros' build argument 'catkin_skip_building_tests' from command line to 'False'
[1.423s] DEBUG:colcon.colcon_core.verb:Building package 'lidar_detector_ros' with the following arguments: {'ament_cmake_args': None, 'build_base': '/home/jayce/projects/LiDar-Object-Detector/build/lidar_detector_ros', 'catkin_cmake_args': None, 'catkin_skip_building_tests': False, 'cmake_args': None, 'cmake_clean_cache': False, 'cmake_clean_first': False, 'cmake_force_configure': False, 'cmake_target': None, 'cmake_target_skip_unavailable': False, 'install_base': '/home/jayce/projects/LiDar-Object-Detector/install/lidar_detector_ros', 'merge_install': False, 'path': '/home/jayce/projects/LiDar-Object-Detector/detector_ros', 'symlink_install': True, 'test_result_base': None}
[1.423s] INFO:colcon.colcon_core.executor:Executing jobs using 'parallel' executor
[1.424s] DEBUG:colcon.colcon_parallel_executor.executor.parallel:run_until_complete
[1.425s] INFO:colcon.colcon_ros.task.ament_cmake.build:Building ROS package in '/home/jayce/projects/LiDar-Object-Detector/detector_ros' with build type 'ament_cmake'
[1.425s] INFO:colcon.colcon_cmake.task.cmake.build:Building CMake package in '/home/jayce/projects/LiDar-Object-Detector/detector_ros'
[1.441s] INFO:colcon.colcon_core.plugin_system:Skipping extension 'colcon_core.shell.bat': Not used on non-Windows systems
[1.442s] INFO:colcon.colcon_core.shell:Skip shell extension 'powershell' for command environment: Not usable outside of PowerShell
[1.442s] DEBUG:colcon.colcon_core.shell:Skip shell extension 'dsv' for command environment
[1.455s] DEBUG:colcon.colcon_core.event_handler.log_command:Invoking command in '/home/jayce/projects/LiDar-Object-Detector/build/lidar_detector_ros': CMAKE_PREFIX_PATH=${CMAKE_PREFIX_PATH}:/opt/ros/jazzy /usr/bin/cmake --build /home/jayce/projects/LiDar-Object-Detector/build/lidar_detector_ros -- -j8 -l8
[1.825s] DEBUG:colcon.colcon_core.event_handler.log_command:Invoked command in '/home/jayce/projects/LiDar-Object-Detector/build/lidar_detector_ros' returned '0': CMAKE_PREFIX_PATH=${CMAKE_PREFIX_PATH}:/opt/ros/jazzy /usr/bin/cmake --build /home/jayce/projects/LiDar-Object-Detector/build/lidar_detector_ros -- -j8 -l8
[1.839s] DEBUG:colcon.colcon_core.event_handler.log_command:Invoking command in '/home/jayce/projects/LiDar-Object-Detector/build/lidar_detector_ros': CMAKE_PREFIX_PATH=${CMAKE_PREFIX_PATH}:/opt/ros/jazzy /usr/bin/cmake --install /home/jayce/projects/LiDar-Object-Detector/build/lidar_detector_ros
[1.877s] Level 1:colcon.colcon_core.environment:create_environment_scripts_only(lidar_detector_ros)
[1.878s] DEBUG:colcon.colcon_core.event_handler.log_command:Invoked command in '/home/jayce/projects/LiDar-Object-Detector/build/lidar_detector_ros' returned '0': CMAKE_PREFIX_PATH=${CMAKE_PREFIX_PATH}:/opt/ros/jazzy /usr/bin/cmake --install /home/jayce/projects/LiDar-Object-Detector/build/lidar_detector_ros
[1.893s] Level 1:colcon.colcon_core.environment:checking '/home/jayce/projects/LiDar-Object-Detector/install/lidar_detector_ros' for CMake module files
[1.894s] Level 1:colcon.colcon_core.environment:checking '/home/jayce/projects/LiDar-Object-Detector/install/lidar_detector_ros' for CMake config files
[1.894s] Level 1:colcon.colcon_core.shell:create_environment_hook('lidar_detector_ros', 'cmake_prefix_path')
[1.894s] INFO:colcon.colcon_core.shell:Creating environment hook '/home/jayce/projects/LiDar-Object-Detector/install/lidar_detector_ros/share/lidar_detector_ros/hook/cmake_prefix_path.ps1'
[1.896s] INFO:colcon.colcon_core.shell:Creating environment descriptor '/home/jayce/projects/LiDar-Object-Detector/install/lidar_detector_ros/share/lidar_detector_ros/hook/cmake_prefix_path.dsv'
[1.897s] INFO:colcon.colcon_core.shell:Creating environment hook '/home/jayce/projects/LiDar-Object-Detector/install/lidar_detector_ros/share/lidar_detector_ros/hook/cmake_prefix_path.sh'
[1.899s] Level 1:colcon.colcon_core.environment:checking '/home/jayce/projects/LiDar-Object-Detector/install/lidar_detector_ros/lib'
[1.899s] Level 1:colcon.colcon_core.environment:checking '/home/jayce/projects/LiDar-Object-Detector/install/lidar_detector_ros/bin'
[1.900s] Level 1:colcon.colcon_core.environment:checking '/home/jayce/projects/LiDar-Object-Detector/install/lidar_detector_ros/lib/pkgconfig/lidar_detector_ros.pc'
[1.900s] Level 1:colcon.colcon_core.environment:checking '/home/jayce/projects/LiDar-Object-Detector/install/lidar_detector_ros/lib/python3.12/site-packages'
[1.900s] Level 1:colcon.colcon_core.environment:checking '/home/jayce/projects/LiDar-Object-Detector/install/lidar_detector_ros/bin'
[1.900s] INFO:colcon.colcon_core.shell:Creating package script '/home/jayce/projects/LiDar-Object-Detector/install/lidar_detector_ros/share/lidar_detector_ros/package.ps1'
[1.902s] INFO:colcon.colcon_core.shell:Creating package descriptor '/home/jayce/projects/LiDar-Object-Detector/install/lidar_detector_ros/share/lidar_detector_ros/package.dsv'
[1.903s] INFO:colcon.colcon_core.shell:Creating package script '/home/jayce/projects/LiDar-Object-Detector/install/lidar_detector_ros/share/lidar_detector_ros/package.sh'
[1.904s] INFO:colcon.colcon_core.shell:Creating package script '/home/jayce/projects/LiDar-Object-Detector/install/lidar_detector_ros/share/lidar_detector_ros/package.bash'
[1.905s] INFO:colcon.colcon_core.shell:Creating package script '/home/jayce/projects/LiDar-Object-Detector/install/lidar_detector_ros/share/lidar_detector_ros/package.zsh'
[1.907s] Level 1:colcon.colcon_core.environment:create_file_with_runtime_dependencies(/home/jayce/projects/LiDar-Object-Detector/install/lidar_detector_ros/share/colcon-core/packages/lidar_detector_ros)
[1.907s] Level 1:colcon.colcon_core.environment:create_environment_scripts_only(lidar_detector_ros)
[1.907s] Level 1:colcon.colcon_core.environment:checking '/home/jayce/projects/LiDar-Object-Detector/install/lidar_detector_ros' for CMake module files
[1.907s] Level 1:colcon.colcon_core.environment:checking '/home/jayce/projects/LiDar-Object-Detector/install/lidar_detector_ros' for CMake config files
[1.908s] Level 1:colcon.colcon_core.shell:create_environment_hook('lidar_detector_ros', 'cmake_prefix_path')
[1.908s] INFO:colcon.colcon_core.shell:Creating environment hook '/home/jayce/projects/LiDar-Object-Detector/install/lidar_detector_ros/share/lidar_detector_ros/hook/cmake_prefix_path.ps1'
[1.908s] INFO:colcon.colcon_core.shell:Creating environment descriptor '/home/jayce/projects/LiDar-Object-Detector/install/lidar_detector_ros/share/lidar_detector_ros/hook/cmake_prefix_path.dsv'
[1.908s] INFO:colcon.colcon_core.shell:Creating environment hook '/home/jayce/projects/LiDar-Object-Detector/install/lidar_detector_ros/share/lidar_detector_ros/hook/cmake_prefix_path.sh'
[1.909s] Level 1:colcon.colcon_core.environment:checking '/home/jayce/projects/LiDar-Object-Detector/install/lidar_detector_ros/lib'
[1.909s] Level 1:colcon.colcon_core.environment:checking '/home/jayce/projects/LiDar-Object-Detector/install/lidar_detector_ros/bin'
[1.909s] Level 1:colcon.colcon_core.environment:checking '/home/jayce/projects/LiDar-Object-Detector/install/lidar_detector_ros/lib/pkgconfig/lidar_detector_ros.pc'
[1.909s] Level 1:colcon.colcon_core.environment:checking '/home/jayce/projects/LiDar-Object-Detector/install/lidar_detector_ros/lib/python3.12/site-packages'
[1.909s] Level 1:colcon.colcon_core.environment:checking '/home/jayce/projects/LiDar-Object-Detector/install/lidar_detector_ros/bin'
[1.909s] INFO:colcon.colcon_core.shell:Creating package script '/home/jayce/projects/LiDar-Object-Detector/install/lidar_detector_ros/share/lidar_detector_ros/package.ps1'
[1.910s] INFO:colcon.colcon_core.shell:Creating package descriptor '/home/jayce/projects/LiDar-Object-Detector/install/lidar_detector_ros/share/lidar_detector_ros/package.dsv'
[1.911s] INFO:colcon.colcon_core.shell:Creating package script '/home/jayce/projects/LiDar-Object-Detector/install/lidar_detector_ros/share/lidar_detector_ros/package.sh'
[1.912s] INFO:colcon.colcon_core.shell:Creating package script '/home/jayce/projects/LiDar-Object-Detector/install/lidar_detector_ros/share/lidar_detector_ros/package.bash'
[1.912s] INFO:colcon.colcon_core.shell:Creating package script '/home/jayce/projects/LiDar-Object-Detector/install/lidar_detector_ros/share/lidar_detector_ros/package.zsh'
[1.912s] Level 1:colcon.colcon_core.environment:create_file_with_runtime_dependencies(/home/jayce/projects/LiDar-Object-Detector/install/lidar_detector_ros/share/colcon-core/packages/lidar_detector_ros)
[1.912s] DEBUG:colcon.colcon_parallel_executor.executor.parallel:closing loop
[1.913s] DEBUG:colcon.colcon_parallel_executor.executor.parallel:loop closed
[1.914s] DEBUG:colcon.colcon_parallel_executor.executor.parallel:run_until_complete finished with '0'
[1.914s] DEBUG:colcon.colcon_core.event_reactor:joining thread
[2.025s] INFO:colcon.colcon_core.plugin_system:Skipping extension 'colcon_notification.desktop_notification.notify_send': Could not find 'notify-send'
[2.025s] INFO:colcon.colcon_core.plugin_system:Skipping extension 'colcon_notification.desktop_notification.terminal_notifier': Not used on non-Darwin systems
[2.025s] INFO:colcon.colcon_core.plugin_system:Skipping extension 'colcon_notification.desktop_notification.win32': Not used on non-Windows systems
[2.025s] INFO:colcon.colcon_notification.desktop_notification:Sending desktop notification using 'notify2'
[2.072s] DEBUG:colcon.colcon_notification.desktop_notification.notify2:Failed to initialize notify2: org.freedesktop.DBus.Error.ServiceUnknown: The name org.freedesktop.Notifications was not provided by any .service files
[2.073s] DEBUG:colcon.colcon_core.event_reactor:joined thread
[2.073s] INFO:colcon.colcon_core.shell:Creating prefix script '/home/jayce/projects/LiDar-Object-Detector/install/local_setup.ps1'
[2.074s] INFO:colcon.colcon_core.shell:Creating prefix util module '/home/jayce/projects/LiDar-Object-Detector/install/_local_setup_util_ps1.py'
[2.076s] INFO:colcon.colcon_core.shell:Creating prefix chain script '/home/jayce/projects/LiDar-Object-Detector/install/setup.ps1'
[2.077s] INFO:colcon.colcon_core.shell:Creating prefix script '/home/jayce/projects/LiDar-Object-Detector/install/local_setup.sh'
[2.078s] INFO:colcon.colcon_core.shell:Creating prefix util module '/home/jayce/projects/LiDar-Object-Detector/install/_local_setup_util_sh.py'
[2.078s] INFO:colcon.colcon_core.shell:Creating prefix chain script '/home/jayce/projects/LiDar-Object-Detector/install/setup.sh'
[2.080s] INFO:colcon.colcon_core.shell:Creating prefix script '/home/jayce/projects/LiDar-Object-Detector/install/local_setup.bash'
[2.081s] INFO:colcon.colcon_core.shell:Creating prefix chain script '/home/jayce/projects/LiDar-Object-Detector/install/setup.bash'
[2.083s] INFO:colcon.colcon_core.shell:Creating prefix script '/home/jayce/projects/LiDar-Object-Detector/install/local_setup.zsh'
[2.084s] INFO:colcon.colcon_core.shell:Creating prefix chain script '/home/jayce/projects/LiDar-Object-Detector/install/setup.zsh'
