[0.048s] Invoking command in '/home/jayce/projects/LiDar-Object-Detector/build/lidar_detector_ros': CMAKE_PREFIX_PATH=${CMAKE_PREFIX_PATH}:/opt/ros/jazzy /usr/bin/cmake --build /home/jayce/projects/LiDar-Object-Detector/build/lidar_detector_ros -- -j8 -l8
[0.372s] [ 80%] Built target detector_core
[0.460s] [ 90%] [32mBuilding CXX object CMakeFiles/lidar_detector_node.dir/src/lidar_detector_node.cpp.o[0m
[14.942s] [100%] [32m[1mLinking CXX executable lidar_detector_node[0m
[16.582s] [100%] Built target lidar_detector_node
[16.611s] Invoked command in '/home/jayce/projects/LiDar-Object-Detector/build/lidar_detector_ros' returned '0': CMAKE_PREFIX_PATH=${CMAKE_PREFIX_PATH}:/opt/ros/jazzy /usr/bin/cmake --build /home/jayce/projects/LiDar-Object-Detector/build/lidar_detector_ros -- -j8 -l8
[16.650s] Invoking command in '/home/jayce/projects/LiDar-Object-Detector/build/lidar_detector_ros': CMAKE_PREFIX_PATH=${CMAKE_PREFIX_PATH}:/opt/ros/jazzy /usr/bin/cmake --install /home/jayce/projects/LiDar-Object-Detector/build/lidar_detector_ros
[16.672s] -- Install configuration: ""
[16.675s] -- Execute custom install script
[16.679s] -- Up-to-date symlink: /home/jayce/projects/LiDar-Object-Detector/install/lidar_detector_ros/lib/lidar_detector_ros/lidar_detector_node
[16.680s] -- Up-to-date symlink: /home/jayce/projects/LiDar-Object-Detector/install/lidar_detector_ros/share/ament_index/resource_index/package_run_dependencies/lidar_detector_ros
[16.682s] -- Up-to-date symlink: /home/jayce/projects/LiDar-Object-Detector/install/lidar_detector_ros/share/ament_index/resource_index/parent_prefix_path/lidar_detector_ros
[16.684s] -- Up-to-date symlink: /home/jayce/projects/LiDar-Object-Detector/install/lidar_detector_ros/share/lidar_detector_ros/environment/ament_prefix_path.sh
[16.686s] -- Up-to-date symlink: /home/jayce/projects/LiDar-Object-Detector/install/lidar_detector_ros/share/lidar_detector_ros/environment/ament_prefix_path.dsv
[16.688s] -- Up-to-date symlink: /home/jayce/projects/LiDar-Object-Detector/install/lidar_detector_ros/share/lidar_detector_ros/environment/path.sh
[16.690s] -- Up-to-date symlink: /home/jayce/projects/LiDar-Object-Detector/install/lidar_detector_ros/share/lidar_detector_ros/environment/path.dsv
[16.692s] -- Up-to-date symlink: /home/jayce/projects/LiDar-Object-Detector/install/lidar_detector_ros/share/lidar_detector_ros/local_setup.bash
[16.694s] -- Up-to-date symlink: /home/jayce/projects/LiDar-Object-Detector/install/lidar_detector_ros/share/lidar_detector_ros/local_setup.sh
[16.695s] -- Up-to-date symlink: /home/jayce/projects/LiDar-Object-Detector/install/lidar_detector_ros/share/lidar_detector_ros/local_setup.zsh
[16.697s] -- Up-to-date symlink: /home/jayce/projects/LiDar-Object-Detector/install/lidar_detector_ros/share/lidar_detector_ros/local_setup.dsv
[16.697s] -- Symlinking: /home/jayce/projects/LiDar-Object-Detector/install/lidar_detector_ros/share/lidar_detector_ros/package.dsv
[16.722s] -- Up-to-date symlink: /home/jayce/projects/LiDar-Object-Detector/install/lidar_detector_ros/share/ament_index/resource_index/packages/lidar_detector_ros
[16.724s] -- Up-to-date symlink: /home/jayce/projects/LiDar-Object-Detector/install/lidar_detector_ros/share/lidar_detector_ros/cmake/lidar_detector_rosConfig.cmake
[16.725s] -- Up-to-date symlink: /home/jayce/projects/LiDar-Object-Detector/install/lidar_detector_ros/share/lidar_detector_ros/cmake/lidar_detector_rosConfig-version.cmake
[16.727s] -- Up-to-date symlink: /home/jayce/projects/LiDar-Object-Detector/install/lidar_detector_ros/share/lidar_detector_ros/package.xml
[16.730s] Invoked command in '/home/jayce/projects/LiDar-Object-Detector/build/lidar_detector_ros' returned '0': CMAKE_PREFIX_PATH=${CMAKE_PREFIX_PATH}:/opt/ros/jazzy /usr/bin/cmake --install /home/jayce/projects/LiDar-Object-Detector/build/lidar_detector_ros
