[0.112s] DEBUG:colcon:Command line arguments: ['/usr/bin/colcon', 'build', '--base-paths', 'detector_ros', '--symlink-install']
[0.112s] DEBUG:colcon:Parsed command line arguments: Namespace(log_base=None, log_level=None, verb_name='build', build_base='build', install_base='install', merge_install=False, symlink_install=True, test_result_base=None, continue_on_error=False, executor='parallel', parallel_workers=8, event_handlers=None, ignore_user_meta=False, metas=['./colcon.meta'], base_paths=['detector_ros'], packages_ignore=None, packages_ignore_regex=None, paths=None, packages_up_to=None, packages_up_to_regex=None, packages_above=None, packages_above_and_dependencies=None, packages_above_depth=None, packages_select_by_dep=None, packages_skip_by_dep=None, packages_skip_up_to=None, packages_select_build_failed=False, packages_skip_build_finished=False, packages_select_test_failures=False, packages_skip_test_passed=False, packages_select=None, packages_skip=None, packages_select_regex=None, packages_skip_regex=None, packages_start=None, packages_end=None, allow_overriding=[], cmake_args=None, cmake_target=None, cmake_target_skip_unavailable=False, cmake_clean_cache=False, cmake_clean_first=False, cmake_force_configure=False, ament_cmake_args=None, catkin_cmake_args=None, catkin_skip_building_tests=False, mixin_files=None, mixin=None, verb_parser=<colcon_mixin.mixin.mixin_argument.MixinArgumentDecorator object at 0x7b1e3524a450>, verb_extension=<colcon_core.verb.build.BuildVerb object at 0x7b1e353a2e40>, main=<bound method BuildVerb.main of <colcon_core.verb.build.BuildVerb object at 0x7b1e353a2e40>>, mixin_verb=('build',))
[0.135s] Level 1:colcon.colcon_core.package_discovery:discover_packages(colcon_meta) check parameters
[0.136s] Level 1:colcon.colcon_core.package_discovery:discover_packages(recursive) check parameters
[0.136s] Level 1:colcon.colcon_core.package_discovery:discover_packages(ignore) check parameters
[0.136s] Level 1:colcon.colcon_core.package_discovery:discover_packages(path) check parameters
[0.136s] Level 1:colcon.colcon_core.package_discovery:discover_packages(recursive) discover
[0.136s] INFO:colcon.colcon_core.package_discovery:Crawling recursively for packages in '/home/jayce/projects/LiDar-Object-Detector/detector_ros'
[0.136s] Level 1:colcon.colcon_core.package_identification:_identify(detector_ros) by extensions ['ignore', 'ignore_ament_install']
[0.136s] Level 1:colcon.colcon_core.package_identification:_identify(detector_ros) by extension 'ignore'
[0.136s] Level 1:colcon.colcon_core.package_identification:_identify(detector_ros) by extension 'ignore_ament_install'
[0.136s] Level 1:colcon.colcon_core.package_identification:_identify(detector_ros) by extensions ['colcon_pkg']
[0.136s] Level 1:colcon.colcon_core.package_identification:_identify(detector_ros) by extension 'colcon_pkg'
[0.136s] Level 1:colcon.colcon_core.package_identification:_identify(detector_ros) by extensions ['colcon_meta']
[0.136s] Level 1:colcon.colcon_core.package_identification:_identify(detector_ros) by extension 'colcon_meta'
[0.137s] Level 1:colcon.colcon_core.package_identification:_identify(detector_ros) by extensions ['ros']
[0.137s] Level 1:colcon.colcon_core.package_identification:_identify(detector_ros) by extension 'ros'
[0.153s] DEBUG:colcon.colcon_core.package_identification:Package 'detector_ros' with type 'ros.ament_cmake' and name 'lidar_detector_ros'
[0.153s] Level 1:colcon.colcon_core.package_discovery:discover_packages(recursive) using defaults
[0.164s] Level 1:colcon.colcon_core.package_discovery:discover_packages(prefix_path) check parameters
[0.164s] Level 1:colcon.colcon_core.package_discovery:discover_packages(prefix_path) discover
[0.164s] DEBUG:colcon.colcon_installed_package_information.package_discovery:Found 1 installed packages in /home/jayce/projects/LiDar-Object-Detector/install
[0.165s] DEBUG:colcon.colcon_installed_package_information.package_discovery:Found 398 installed packages in /opt/ros/jazzy
[0.166s] Level 1:colcon.colcon_core.package_discovery:discover_packages(prefix_path) using defaults
[0.194s] Level 5:colcon.colcon_core.verb:set package 'lidar_detector_ros' build argument 'cmake_args' from command line to 'None'
[0.195s] Level 5:colcon.colcon_core.verb:set package 'lidar_detector_ros' build argument 'cmake_target' from command line to 'None'
[0.195s] Level 5:colcon.colcon_core.verb:set package 'lidar_detector_ros' build argument 'cmake_target_skip_unavailable' from command line to 'False'
[0.195s] Level 5:colcon.colcon_core.verb:set package 'lidar_detector_ros' build argument 'cmake_clean_cache' from command line to 'False'
[0.195s] Level 5:colcon.colcon_core.verb:set package 'lidar_detector_ros' build argument 'cmake_clean_first' from command line to 'False'
[0.195s] Level 5:colcon.colcon_core.verb:set package 'lidar_detector_ros' build argument 'cmake_force_configure' from command line to 'False'
[0.195s] Level 5:colcon.colcon_core.verb:set package 'lidar_detector_ros' build argument 'ament_cmake_args' from command line to 'None'
[0.195s] Level 5:colcon.colcon_core.verb:set package 'lidar_detector_ros' build argument 'catkin_cmake_args' from command line to 'None'
[0.195s] Level 5:colcon.colcon_core.verb:set package 'lidar_detector_ros' build argument 'catkin_skip_building_tests' from command line to 'False'
[0.195s] DEBUG:colcon.colcon_core.verb:Building package 'lidar_detector_ros' with the following arguments: {'ament_cmake_args': None, 'build_base': '/home/jayce/projects/LiDar-Object-Detector/build/lidar_detector_ros', 'catkin_cmake_args': None, 'catkin_skip_building_tests': False, 'cmake_args': None, 'cmake_clean_cache': False, 'cmake_clean_first': False, 'cmake_force_configure': False, 'cmake_target': None, 'cmake_target_skip_unavailable': False, 'install_base': '/home/jayce/projects/LiDar-Object-Detector/install/lidar_detector_ros', 'merge_install': False, 'path': '/home/jayce/projects/LiDar-Object-Detector/detector_ros', 'symlink_install': True, 'test_result_base': None}
[0.195s] INFO:colcon.colcon_core.executor:Executing jobs using 'parallel' executor
[0.195s] DEBUG:colcon.colcon_parallel_executor.executor.parallel:run_until_complete
[0.196s] INFO:colcon.colcon_ros.task.ament_cmake.build:Building ROS package in '/home/jayce/projects/LiDar-Object-Detector/detector_ros' with build type 'ament_cmake'
[0.196s] INFO:colcon.colcon_cmake.task.cmake.build:Building CMake package in '/home/jayce/projects/LiDar-Object-Detector/detector_ros'
[0.197s] INFO:colcon.colcon_core.plugin_system:Skipping extension 'colcon_core.shell.bat': Not used on non-Windows systems
[0.197s] INFO:colcon.colcon_core.shell:Skip shell extension 'powershell' for command environment: Not usable outside of PowerShell
[0.197s] DEBUG:colcon.colcon_core.shell:Skip shell extension 'dsv' for command environment
[0.203s] DEBUG:colcon.colcon_core.event_handler.log_command:Invoking command in '/home/jayce/projects/LiDar-Object-Detector/build/lidar_detector_ros': CMAKE_PREFIX_PATH=${CMAKE_PREFIX_PATH}:/opt/ros/jazzy /usr/bin/cmake --build /home/jayce/projects/LiDar-Object-Detector/build/lidar_detector_ros -- -j8 -l8
[0.262s] DEBUG:colcon.colcon_core.event_handler.log_command:Invoked command in '/home/jayce/projects/LiDar-Object-Detector/build/lidar_detector_ros' returned '0': CMAKE_PREFIX_PATH=${CMAKE_PREFIX_PATH}:/opt/ros/jazzy /usr/bin/cmake --build /home/jayce/projects/LiDar-Object-Detector/build/lidar_detector_ros -- -j8 -l8
[0.268s] DEBUG:colcon.colcon_core.event_handler.log_command:Invoking command in '/home/jayce/projects/LiDar-Object-Detector/build/lidar_detector_ros': CMAKE_PREFIX_PATH=${CMAKE_PREFIX_PATH}:/opt/ros/jazzy /usr/bin/cmake --install /home/jayce/projects/LiDar-Object-Detector/build/lidar_detector_ros
[0.281s] Level 1:colcon.colcon_core.environment:create_environment_scripts_only(lidar_detector_ros)
[0.281s] DEBUG:colcon.colcon_core.event_handler.log_command:Invoked command in '/home/jayce/projects/LiDar-Object-Detector/build/lidar_detector_ros' returned '0': CMAKE_PREFIX_PATH=${CMAKE_PREFIX_PATH}:/opt/ros/jazzy /usr/bin/cmake --install /home/jayce/projects/LiDar-Object-Detector/build/lidar_detector_ros
[0.284s] Level 1:colcon.colcon_core.environment:checking '/home/jayce/projects/LiDar-Object-Detector/install/lidar_detector_ros' for CMake module files
[0.286s] Level 1:colcon.colcon_core.environment:checking '/home/jayce/projects/LiDar-Object-Detector/install/lidar_detector_ros' for CMake config files
[0.286s] Level 1:colcon.colcon_core.shell:create_environment_hook('lidar_detector_ros', 'cmake_prefix_path')
[0.286s] INFO:colcon.colcon_core.shell:Creating environment hook '/home/jayce/projects/LiDar-Object-Detector/install/lidar_detector_ros/share/lidar_detector_ros/hook/cmake_prefix_path.ps1'
[0.287s] INFO:colcon.colcon_core.shell:Creating environment descriptor '/home/jayce/projects/LiDar-Object-Detector/install/lidar_detector_ros/share/lidar_detector_ros/hook/cmake_prefix_path.dsv'
[0.287s] INFO:colcon.colcon_core.shell:Creating environment hook '/home/jayce/projects/LiDar-Object-Detector/install/lidar_detector_ros/share/lidar_detector_ros/hook/cmake_prefix_path.sh'
[0.288s] Level 1:colcon.colcon_core.environment:checking '/home/jayce/projects/LiDar-Object-Detector/install/lidar_detector_ros/lib'
[0.288s] Level 1:colcon.colcon_core.environment:checking '/home/jayce/projects/LiDar-Object-Detector/install/lidar_detector_ros/bin'
[0.288s] Level 1:colcon.colcon_core.environment:checking '/home/jayce/projects/LiDar-Object-Detector/install/lidar_detector_ros/lib/pkgconfig/lidar_detector_ros.pc'
[0.288s] Level 1:colcon.colcon_core.environment:checking '/home/jayce/projects/LiDar-Object-Detector/install/lidar_detector_ros/lib/python3.12/site-packages'
[0.288s] Level 1:colcon.colcon_core.environment:checking '/home/jayce/projects/LiDar-Object-Detector/install/lidar_detector_ros/bin'
[0.288s] INFO:colcon.colcon_core.shell:Creating package script '/home/jayce/projects/LiDar-Object-Detector/install/lidar_detector_ros/share/lidar_detector_ros/package.ps1'
[0.289s] INFO:colcon.colcon_core.shell:Creating package descriptor '/home/jayce/projects/LiDar-Object-Detector/install/lidar_detector_ros/share/lidar_detector_ros/package.dsv'
[0.289s] INFO:colcon.colcon_core.shell:Creating package script '/home/jayce/projects/LiDar-Object-Detector/install/lidar_detector_ros/share/lidar_detector_ros/package.sh'
[0.289s] INFO:colcon.colcon_core.shell:Creating package script '/home/jayce/projects/LiDar-Object-Detector/install/lidar_detector_ros/share/lidar_detector_ros/package.bash'
[0.289s] INFO:colcon.colcon_core.shell:Creating package script '/home/jayce/projects/LiDar-Object-Detector/install/lidar_detector_ros/share/lidar_detector_ros/package.zsh'
[0.290s] Level 1:colcon.colcon_core.environment:create_file_with_runtime_dependencies(/home/jayce/projects/LiDar-Object-Detector/install/lidar_detector_ros/share/colcon-core/packages/lidar_detector_ros)
[0.290s] Level 1:colcon.colcon_core.environment:create_environment_scripts_only(lidar_detector_ros)
[0.290s] Level 1:colcon.colcon_core.environment:checking '/home/jayce/projects/LiDar-Object-Detector/install/lidar_detector_ros' for CMake module files
[0.290s] Level 1:colcon.colcon_core.environment:checking '/home/jayce/projects/LiDar-Object-Detector/install/lidar_detector_ros' for CMake config files
[0.290s] Level 1:colcon.colcon_core.shell:create_environment_hook('lidar_detector_ros', 'cmake_prefix_path')
[0.291s] INFO:colcon.colcon_core.shell:Creating environment hook '/home/jayce/projects/LiDar-Object-Detector/install/lidar_detector_ros/share/lidar_detector_ros/hook/cmake_prefix_path.ps1'
[0.291s] INFO:colcon.colcon_core.shell:Creating environment descriptor '/home/jayce/projects/LiDar-Object-Detector/install/lidar_detector_ros/share/lidar_detector_ros/hook/cmake_prefix_path.dsv'
[0.291s] INFO:colcon.colcon_core.shell:Creating environment hook '/home/jayce/projects/LiDar-Object-Detector/install/lidar_detector_ros/share/lidar_detector_ros/hook/cmake_prefix_path.sh'
[0.291s] Level 1:colcon.colcon_core.environment:checking '/home/jayce/projects/LiDar-Object-Detector/install/lidar_detector_ros/lib'
[0.291s] Level 1:colcon.colcon_core.environment:checking '/home/jayce/projects/LiDar-Object-Detector/install/lidar_detector_ros/bin'
[0.291s] Level 1:colcon.colcon_core.environment:checking '/home/jayce/projects/LiDar-Object-Detector/install/lidar_detector_ros/lib/pkgconfig/lidar_detector_ros.pc'
[0.291s] Level 1:colcon.colcon_core.environment:checking '/home/jayce/projects/LiDar-Object-Detector/install/lidar_detector_ros/lib/python3.12/site-packages'
[0.291s] Level 1:colcon.colcon_core.environment:checking '/home/jayce/projects/LiDar-Object-Detector/install/lidar_detector_ros/bin'
[0.292s] INFO:colcon.colcon_core.shell:Creating package script '/home/jayce/projects/LiDar-Object-Detector/install/lidar_detector_ros/share/lidar_detector_ros/package.ps1'
[0.292s] INFO:colcon.colcon_core.shell:Creating package descriptor '/home/jayce/projects/LiDar-Object-Detector/install/lidar_detector_ros/share/lidar_detector_ros/package.dsv'
[0.292s] INFO:colcon.colcon_core.shell:Creating package script '/home/jayce/projects/LiDar-Object-Detector/install/lidar_detector_ros/share/lidar_detector_ros/package.sh'
[0.292s] INFO:colcon.colcon_core.shell:Creating package script '/home/jayce/projects/LiDar-Object-Detector/install/lidar_detector_ros/share/lidar_detector_ros/package.bash'
[0.292s] INFO:colcon.colcon_core.shell:Creating package script '/home/jayce/projects/LiDar-Object-Detector/install/lidar_detector_ros/share/lidar_detector_ros/package.zsh'
[0.293s] Level 1:colcon.colcon_core.environment:create_file_with_runtime_dependencies(/home/jayce/projects/LiDar-Object-Detector/install/lidar_detector_ros/share/colcon-core/packages/lidar_detector_ros)
[0.293s] DEBUG:colcon.colcon_parallel_executor.executor.parallel:closing loop
[0.293s] DEBUG:colcon.colcon_parallel_executor.executor.parallel:loop closed
[0.293s] DEBUG:colcon.colcon_parallel_executor.executor.parallel:run_until_complete finished with '0'
[0.293s] DEBUG:colcon.colcon_core.event_reactor:joining thread
[0.324s] INFO:colcon.colcon_core.plugin_system:Skipping extension 'colcon_notification.desktop_notification.notify_send': Could not find 'notify-send'
[0.324s] INFO:colcon.colcon_core.plugin_system:Skipping extension 'colcon_notification.desktop_notification.terminal_notifier': Not used on non-Darwin systems
[0.324s] INFO:colcon.colcon_core.plugin_system:Skipping extension 'colcon_notification.desktop_notification.win32': Not used on non-Windows systems
[0.324s] INFO:colcon.colcon_notification.desktop_notification:Sending desktop notification using 'notify2'
[0.325s] DEBUG:colcon.colcon_notification.desktop_notification.notify2:Failed to initialize notify2: org.freedesktop.DBus.Error.ServiceUnknown: The name org.freedesktop.Notifications was not provided by any .service files
[0.325s] DEBUG:colcon.colcon_core.event_reactor:joined thread
[0.325s] INFO:colcon.colcon_core.shell:Creating prefix script '/home/jayce/projects/LiDar-Object-Detector/install/local_setup.ps1'
[0.326s] INFO:colcon.colcon_core.shell:Creating prefix util module '/home/jayce/projects/LiDar-Object-Detector/install/_local_setup_util_ps1.py'
[0.326s] INFO:colcon.colcon_core.shell:Creating prefix chain script '/home/jayce/projects/LiDar-Object-Detector/install/setup.ps1'
[0.327s] INFO:colcon.colcon_core.shell:Creating prefix script '/home/jayce/projects/LiDar-Object-Detector/install/local_setup.sh'
[0.327s] INFO:colcon.colcon_core.shell:Creating prefix util module '/home/jayce/projects/LiDar-Object-Detector/install/_local_setup_util_sh.py'
[0.328s] INFO:colcon.colcon_core.shell:Creating prefix chain script '/home/jayce/projects/LiDar-Object-Detector/install/setup.sh'
[0.328s] INFO:colcon.colcon_core.shell:Creating prefix script '/home/jayce/projects/LiDar-Object-Detector/install/local_setup.bash'
[0.328s] INFO:colcon.colcon_core.shell:Creating prefix chain script '/home/jayce/projects/LiDar-Object-Detector/install/setup.bash'
[0.329s] INFO:colcon.colcon_core.shell:Creating prefix script '/home/jayce/projects/LiDar-Object-Detector/install/local_setup.zsh'
[0.329s] INFO:colcon.colcon_core.shell:Creating prefix chain script '/home/jayce/projects/LiDar-Object-Detector/install/setup.zsh'
